[INFO] Scanning for projects...
[INFO] ------------------------------------------------------------------------
[INFO] Detecting the operating system and CPU architecture
[INFO] ------------------------------------------------------------------------
[INFO] os.detected.name: linux
[INFO] os.detected.arch: x86_64
[INFO] os.detected.bitness: 64
[INFO] os.detected.version: 6.11
[INFO] os.detected.version.major: 6
[INFO] os.detected.version.minor: 11
[INFO] os.detected.release: ubuntu
[INFO] os.detected.release.version: 24.04
[INFO] os.detected.release.like.ubuntu: true
[INFO] os.detected.release.like.debian: true
[INFO] os.detected.classifier: linux-x86_64
[INFO] 
[INFO] -------< io.gravitee.apim.gateway:gravitee-apim-gateway-reactor >-------
[INFO] Building Gravitee.io APIM - Gateway - Reactor 4.11.0-SNAPSHOT
[INFO]   from pom.xml
[INFO] --------------------------------[ jar ]---------------------------------
Downloading from sonatype-nexus-snapshots: https://central.sonatype.com/repository/maven-snapshots/io/gravitee/apim/gateway/gravitee-apim-gateway-core/4.11.0-SNAPSHOT/maven-metadata.xml
Downloading from central-portal-snapshots: https://central.sonatype.com/repository/maven-snapshots/io/gravitee/apim/gateway/gravitee-apim-gateway-core/4.11.0-SNAPSHOT/maven-metadata.xml
[WARNING] Could not transfer metadata io.gravitee.apim.gateway:gravitee-apim-gateway-core:4.11.0-SNAPSHOT/maven-metadata.xml from/to sonatype-nexus-snapshots (https://central.sonatype.com/repository/maven-snapshots/): central.sonatype.com: No address associated with hostname
[WARNING] Could not transfer metadata io.gravitee.apim.gateway:gravitee-apim-gateway-core:4.11.0-SNAPSHOT/maven-metadata.xml from/to central-portal-snapshots (https://central.sonatype.com/repository/maven-snapshots/): central.sonatype.com
[WARNING] io.gravitee.apim.gateway:gravitee-apim-gateway-core:4.11.0-SNAPSHOT/maven-metadata.xml failed to transfer from https://central.sonatype.com/repository/maven-snapshots/ during a previous attempt. This failure was cached in the local repository and resolution will not be reattempted until the update interval of sonatype-nexus-snapshots has elapsed or updates are forced. Original error: Could not transfer metadata io.gravitee.apim.gateway:gravitee-apim-gateway-core:4.11.0-SNAPSHOT/maven-metadata.xml from/to sonatype-nexus-snapshots (https://central.sonatype.com/repository/maven-snapshots/): central.sonatype.com: No address associated with hostname
[WARNING] io.gravitee.apim.gateway:gravitee-apim-gateway-core:4.11.0-SNAPSHOT/maven-metadata.xml failed to transfer from https://central.sonatype.com/repository/maven-snapshots/ during a previous attempt. This failure was cached in the local repository and resolution will not be reattempted until the update interval of central-portal-snapshots has elapsed or updates are forced. Original error: Could not transfer metadata io.gravitee.apim.gateway:gravitee-apim-gateway-core:4.11.0-SNAPSHOT/maven-metadata.xml from/to central-portal-snapshots (https://central.sonatype.com/repository/maven-snapshots/): central.sonatype.com
Downloading from sonatype-nexus-snapshots: https://central.sonatype.com/repository/maven-snapshots/io/gravitee/apim/gateway/gravitee-apim-gateway-core/4.11.0-SNAPSHOT/gravitee-apim-gateway-core-4.11.0-SNAPSHOT.pom
Downloading from central-portal-snapshots: https://central.sonatype.com/repository/maven-snapshots/io/gravitee/apim/gateway/gravitee-apim-gateway-core/4.11.0-SNAPSHOT/gravitee-apim-gateway-core-4.11.0-SNAPSHOT.pom
Downloading from sonatype-nexus-snapshots: https://central.sonatype.com/repository/maven-snapshots/io/gravitee/apim/gateway/gravitee-apim-gateway-reporting/4.11.0-SNAPSHOT/maven-metadata.xml
Downloading from central-portal-snapshots: https://central.sonatype.com/repository/maven-snapshots/io/gravitee/apim/gateway/gravitee-apim-gateway-reporting/4.11.0-SNAPSHOT/maven-metadata.xml
[WARNING] Could not transfer metadata io.gravitee.apim.gateway:gravitee-apim-gateway-reporting:4.11.0-SNAPSHOT/maven-metadata.xml from/to sonatype-nexus-snapshots (https://central.sonatype.com/repository/maven-snapshots/): central.sonatype.com
[WARNING] Could not transfer metadata io.gravitee.apim.gateway:gravitee-apim-gateway-reporting:4.11.0-SNAPSHOT/maven-metadata.xml from/to central-portal-snapshots (https://central.sonatype.com/repository/maven-snapshots/): central.sonatype.com
[WARNING] io.gravitee.apim.gateway:gravitee-apim-gateway-reporting:4.11.0-SNAPSHOT/maven-metadata.xml failed to transfer from https://central.sonatype.com/repository/maven-snapshots/ during a previous attempt. This failure was cached in the local repository and resolution will not be reattempted until the update interval of sonatype-nexus-snapshots has elapsed or updates are forced. Original error: Could not transfer metadata io.gravitee.apim.gateway:gravitee-apim-gateway-reporting:4.11.0-SNAPSHOT/maven-metadata.xml from/to sonatype-nexus-snapshots (https://central.sonatype.com/repository/maven-snapshots/): central.sonatype.com
[WARNING] io.gravitee.apim.gateway:gravitee-apim-gateway-reporting:4.11.0-SNAPSHOT/maven-metadata.xml failed to transfer from https://central.sonatype.com/repository/maven-snapshots/ during a previous attempt. This failure was cached in the local repository and resolution will not be reattempted until the update interval of central-portal-snapshots has elapsed or updates are forced. Original error: Could not transfer metadata io.gravitee.apim.gateway:gravitee-apim-gateway-reporting:4.11.0-SNAPSHOT/maven-metadata.xml from/to central-portal-snapshots (https://central.sonatype.com/repository/maven-snapshots/): central.sonatype.com
Downloading from sonatype-nexus-snapshots: https://central.sonatype.com/repository/maven-snapshots/io/gravitee/apim/gateway/gravitee-apim-gateway-reporting/4.11.0-SNAPSHOT/gravitee-apim-gateway-reporting-4.11.0-SNAPSHOT.pom
Downloading from central-portal-snapshots: https://central.sonatype.com/repository/maven-snapshots/io/gravitee/apim/gateway/gravitee-apim-gateway-reporting/4.11.0-SNAPSHOT/gravitee-apim-gateway-reporting-4.11.0-SNAPSHOT.pom
Downloading from sonatype-nexus-snapshots: https://central.sonatype.com/repository/maven-snapshots/io/gravitee/apim/gateway/gravitee-apim-gateway-opentelemetry/4.11.0-SNAPSHOT/maven-metadata.xml
Downloading from central-portal-snapshots: https://central.sonatype.com/repository/maven-snapshots/io/gravitee/apim/gateway/gravitee-apim-gateway-opentelemetry/4.11.0-SNAPSHOT/maven-metadata.xml
[WARNING] Could not transfer metadata io.gravitee.apim.gateway:gravitee-apim-gateway-opentelemetry:4.11.0-SNAPSHOT/maven-metadata.xml from/to sonatype-nexus-snapshots (https://central.sonatype.com/repository/maven-snapshots/): central.sonatype.com
[WARNING] Could not transfer metadata io.gravitee.apim.gateway:gravitee-apim-gateway-opentelemetry:4.11.0-SNAPSHOT/maven-metadata.xml from/to central-portal-snapshots (https://central.sonatype.com/repository/maven-snapshots/): central.sonatype.com
[WARNING] io.gravitee.apim.gateway:gravitee-apim-gateway-opentelemetry:4.11.0-SNAPSHOT/maven-metadata.xml failed to transfer from https://central.sonatype.com/repository/maven-snapshots/ during a previous attempt. This failure was cached in the local repository and resolution will not be reattempted until the update interval of sonatype-nexus-snapshots has elapsed or updates are forced. Original error: Could not transfer metadata io.gravitee.apim.gateway:gravitee-apim-gateway-opentelemetry:4.11.0-SNAPSHOT/maven-metadata.xml from/to sonatype-nexus-snapshots (https://central.sonatype.com/repository/maven-snapshots/): central.sonatype.com
[WARNING] io.gravitee.apim.gateway:gravitee-apim-gateway-opentelemetry:4.11.0-SNAPSHOT/maven-metadata.xml failed to transfer from https://central.sonatype.com/repository/maven-snapshots/ during a previous attempt. This failure was cached in the local repository and resolution will not be reattempted until the update interval of central-portal-snapshots has elapsed or updates are forced. Original error: Could not transfer metadata io.gravitee.apim.gateway:gravitee-apim-gateway-opentelemetry:4.11.0-SNAPSHOT/maven-metadata.xml from/to central-portal-snapshots (https://central.sonatype.com/repository/maven-snapshots/): central.sonatype.com
Downloading from sonatype-nexus-snapshots: https://central.sonatype.com/repository/maven-snapshots/io/gravitee/apim/gateway/gravitee-apim-gateway-opentelemetry/4.11.0-SNAPSHOT/gravitee-apim-gateway-opentelemetry-4.11.0-SNAPSHOT.pom
Downloading from central-portal-snapshots: https://central.sonatype.com/repository/maven-snapshots/io/gravitee/apim/gateway/gravitee-apim-gateway-opentelemetry/4.11.0-SNAPSHOT/gravitee-apim-gateway-opentelemetry-4.11.0-SNAPSHOT.pom
Downloading from sonatype-nexus-snapshots: https://central.sonatype.com/repository/maven-snapshots/io/gravitee/apim/gateway/gravitee-apim-gateway-env/4.11.0-SNAPSHOT/maven-metadata.xml
Downloading from central-portal-snapshots: https://central.sonatype.com/repository/maven-snapshots/io/gravitee/apim/gateway/gravitee-apim-gateway-env/4.11.0-SNAPSHOT/maven-metadata.xml
[WARNING] Could not transfer metadata io.gravitee.apim.gateway:gravitee-apim-gateway-env:4.11.0-SNAPSHOT/maven-metadata.xml from/to sonatype-nexus-snapshots (https://central.sonatype.com/repository/maven-snapshots/): central.sonatype.com
[WARNING] Could not transfer metadata io.gravitee.apim.gateway:gravitee-apim-gateway-env:4.11.0-SNAPSHOT/maven-metadata.xml from/to central-portal-snapshots (https://central.sonatype.com/repository/maven-snapshots/): central.sonatype.com
[WARNING] io.gravitee.apim.gateway:gravitee-apim-gateway-env:4.11.0-SNAPSHOT/maven-metadata.xml failed to transfer from https://central.sonatype.com/repository/maven-snapshots/ during a previous attempt. This failure was cached in the local repository and resolution will not be reattempted until the update interval of sonatype-nexus-snapshots has elapsed or updates are forced. Original error: Could not transfer metadata io.gravitee.apim.gateway:gravitee-apim-gateway-env:4.11.0-SNAPSHOT/maven-metadata.xml from/to sonatype-nexus-snapshots (https://central.sonatype.com/repository/maven-snapshots/): central.sonatype.com
[WARNING] io.gravitee.apim.gateway:gravitee-apim-gateway-env:4.11.0-SNAPSHOT/maven-metadata.xml failed to transfer from https://central.sonatype.com/repository/maven-snapshots/ during a previous attempt. This failure was cached in the local repository and resolution will not be reattempted until the update interval of central-portal-snapshots has elapsed or updates are forced. Original error: Could not transfer metadata io.gravitee.apim.gateway:gravitee-apim-gateway-env:4.11.0-SNAPSHOT/maven-metadata.xml from/to central-portal-snapshots (https://central.sonatype.com/repository/maven-snapshots/): central.sonatype.com
Downloading from sonatype-nexus-snapshots: https://central.sonatype.com/repository/maven-snapshots/io/gravitee/apim/gateway/gravitee-apim-gateway-env/4.11.0-SNAPSHOT/gravitee-apim-gateway-env-4.11.0-SNAPSHOT.pom
Downloading from central-portal-snapshots: https://central.sonatype.com/repository/maven-snapshots/io/gravitee/apim/gateway/gravitee-apim-gateway-env/4.11.0-SNAPSHOT/gravitee-apim-gateway-env-4.11.0-SNAPSHOT.pom
Downloading from sonatype-nexus-snapshots: https://central.sonatype.com/repository/maven-snapshots/io/gravitee/apim/definition/gravitee-apim-definition-model/4.11.0-SNAPSHOT/maven-metadata.xml
Downloading from central-portal-snapshots: https://central.sonatype.com/repository/maven-snapshots/io/gravitee/apim/definition/gravitee-apim-definition-model/4.11.0-SNAPSHOT/maven-metadata.xml
[WARNING] Could not transfer metadata io.gravitee.apim.definition:gravitee-apim-definition-model:4.11.0-SNAPSHOT/maven-metadata.xml from/to sonatype-nexus-snapshots (https://central.sonatype.com/repository/maven-snapshots/): central.sonatype.com
[WARNING] Could not transfer metadata io.gravitee.apim.definition:gravitee-apim-definition-model:4.11.0-SNAPSHOT/maven-metadata.xml from/to central-portal-snapshots (https://central.sonatype.com/repository/maven-snapshots/): central.sonatype.com
[WARNING] io.gravitee.apim.definition:gravitee-apim-definition-model:4.11.0-SNAPSHOT/maven-metadata.xml failed to transfer from https://central.sonatype.com/repository/maven-snapshots/ during a previous attempt. This failure was cached in the local repository and resolution will not be reattempted until the update interval of sonatype-nexus-snapshots has elapsed or updates are forced. Original error: Could not transfer metadata io.gravitee.apim.definition:gravitee-apim-definition-model:4.11.0-SNAPSHOT/maven-metadata.xml from/to sonatype-nexus-snapshots (https://central.sonatype.com/repository/maven-snapshots/): central.sonatype.com
[WARNING] io.gravitee.apim.definition:gravitee-apim-definition-model:4.11.0-SNAPSHOT/maven-metadata.xml failed to transfer from https://central.sonatype.com/repository/maven-snapshots/ during a previous attempt. This failure was cached in the local repository and resolution will not be reattempted until the update interval of central-portal-snapshots has elapsed or updates are forced. Original error: Could not transfer metadata io.gravitee.apim.definition:gravitee-apim-definition-model:4.11.0-SNAPSHOT/maven-metadata.xml from/to central-portal-snapshots (https://central.sonatype.com/repository/maven-snapshots/): central.sonatype.com
Downloading from sonatype-nexus-snapshots: https://central.sonatype.com/repository/maven-snapshots/io/gravitee/apim/definition/gravitee-apim-definition-model/4.11.0-SNAPSHOT/gravitee-apim-definition-model-4.11.0-SNAPSHOT.pom
Downloading from central-portal-snapshots: https://central.sonatype.com/repository/maven-snapshots/io/gravitee/apim/definition/gravitee-apim-definition-model/4.11.0-SNAPSHOT/gravitee-apim-definition-model-4.11.0-SNAPSHOT.pom
Downloading from central: https://repo.maven.apache.org/maven2/io/gravitee/plugin/gravitee-plugin-alert/4.10.0/gravitee-plugin-alert-4.10.0.pom
Progress (1): 875 BProgress (1): 1.9 kB                    Downloaded from central: https://repo.maven.apache.org/maven2/io/gravitee/plugin/gravitee-plugin-alert/4.10.0/gravitee-plugin-alert-4.10.0.pom (1.9 kB at 2.4 kB/s)
Downloading from central: https://repo.maven.apache.org/maven2/io/gravitee/alert/gravitee-alert-api/2.0.0/gravitee-alert-api-2.0.0.pom
Progress (1): 805 BProgress (1): 3.2 kBProgress (1): 3.5 kB                    Downloaded from central: https://repo.maven.apache.org/maven2/io/gravitee/alert/gravitee-alert-api/2.0.0/gravitee-alert-api-2.0.0.pom (3.5 kB at 83 kB/s)
Downloading from central: https://repo.maven.apache.org/maven2/io/gravitee/gravitee-parent/21.0.0/gravitee-parent-21.0.0.pom
Progress (1): 752 BProgress (1): 2.4 kBProgress (1): 4.6 kBProgress (1): 8.4 kBProgress (1): 16 kB Progress (1): 17 kB                   Downloaded from central: https://repo.maven.apache.org/maven2/io/gravitee/gravitee-parent/21.0.0/gravitee-parent-21.0.0.pom (17 kB at 413 kB/s)
Downloading from central: https://repo.maven.apache.org/maven2/io/gravitee/gravitee-bom/3.0.0/gravitee-bom-3.0.0.pom
Progress (1): 765 BProgress (1): 2.4 kBProgress (1): 6.3 kBProgress (1): 10 kB                    Downloaded from central: https://repo.maven.apache.org/maven2/io/gravitee/gravitee-bom/3.0.0/gravitee-bom-3.0.0.pom (10 kB at 304 kB/s)
Downloading from central: https://repo.maven.apache.org/maven2/io/gravitee/gravitee-parent/20.2/gravitee-parent-20.2.pom
Progress (1): 746 BProgress (1): 2.4 kBProgress (1): 5.1 kBProgress (1): 8.4 kBProgress (1): 16 kB Progress (1): 17 kB                   Downloaded from central: https://repo.maven.apache.org/maven2/io/gravitee/gravitee-parent/20.2/gravitee-parent-20.2.pom (17 kB at 476 kB/s)
Downloading from central: https://repo.maven.apache.org/maven2/org/eclipse/jetty/jetty-bom/9.4.44.v20210927/jetty-bom-9.4.44.v20210927.pom
Progress (1): 1.1 kBProgress (1): 4.8 kBProgress (1): 12 kB Progress (1): 18 kB                   Downloaded from central: https://repo.maven.apache.org/maven2/org/eclipse/jetty/jetty-bom/9.4.44.v20210927/jetty-bom-9.4.44.v20210927.pom (18 kB at 519 kB/s)
Downloading from central: https://repo.maven.apache.org/maven2/io/netty/netty-bom/4.1.74.Final/netty-bom-4.1.74.Final.pom
Progress (1): 784 BProgress (1): 2.4 kBProgress (1): 11 kB Progress (1): 13 kB                   Downloaded from central: https://repo.maven.apache.org/maven2/io/netty/netty-bom/4.1.74.Final/netty-bom-4.1.74.Final.pom (13 kB at 425 kB/s)
Downloading from central: https://repo.maven.apache.org/maven2/com/fasterxml/jackson/jackson-bom/2.13.2.1/jackson-bom-2.13.2.1.pom
Progress (1): 943 BProgress (1): 2.7 kBProgress (1): 8.9 kBProgress (1): 17 kB Progress (1): 17 kB                   Downloaded from central: https://repo.maven.apache.org/maven2/com/fasterxml/jackson/jackson-bom/2.13.2.1/jackson-bom-2.13.2.1.pom (17 kB at 526 kB/s)
Downloading from central: https://repo.maven.apache.org/maven2/com/fasterxml/jackson/jackson-parent/2.13/jackson-parent-2.13.pom
Progress (1): 1.1 kBProgress (1): 2.6 kBProgress (1): 4.1 kBProgress (1): 6.5 kBProgress (1): 7.4 kB                    Downloaded from central: https://repo.maven.apache.org/maven2/com/fasterxml/jackson/jackson-parent/2.13/jackson-parent-2.13.pom (7.4 kB at 225 kB/s)
Downloading from central: https://repo.maven.apache.org/maven2/com/fasterxml/oss-parent/43/oss-parent-43.pom
Progress (1): 952 BProgress (1): 2.6 kBProgress (1): 4.0 kBProgress (1): 6.2 kBProgress (1): 9.5 kBProgress (1): 12 kB Progress (1): 15 kBProgress (1): 18 kBProgress (1): 21 kBProgress (1): 24 kB                   Downloaded from central: https://repo.maven.apache.org/maven2/com/fasterxml/oss-parent/43/oss-parent-43.pom (24 kB at 694 kB/s)
Downloading from central: https://repo.maven.apache.org/maven2/io/vertx/vertx-dependencies/4.2.7/vertx-dependencies-4.2.7.pom
Progress (1): 935 BProgress (1): 7.3 kBProgress (1): 21 kB Progress (1): 31 kB                   Downloaded from central: https://repo.maven.apache.org/maven2/io/vertx/vertx-dependencies/4.2.7/vertx-dependencies-4.2.7.pom (31 kB at 944 kB/s)
Downloading from central: https://repo.maven.apache.org/maven2/com/fasterxml/jackson/jackson-bom/2.13.2.20220324/jackson-bom-2.13.2.20220324.pom
Progress (1): 929 BProgress (1): 2.4 kBProgress (1): 8.1 kBProgress (1): 17 kB Progress (1): 17 kB                   Downloaded from central: https://repo.maven.apache.org/maven2/com/fasterxml/jackson/jackson-bom/2.13.2.20220324/jackson-bom-2.13.2.20220324.pom (17 kB at 448 kB/s)
Downloading from central: https://repo.maven.apache.org/maven2/org/springframework/spring-framework-bom/5.3.18/spring-framework-bom-5.3.18.pom
Progress (1): 974 BProgress (1): 5.7 kB                    Downloaded from central: https://repo.maven.apache.org/maven2/org/springframework/spring-framework-bom/5.3.18/spring-framework-bom-5.3.18.pom (5.7 kB at 171 kB/s)
Downloading from central: https://repo.maven.apache.org/maven2/org/springframework/security/spring-security-bom/5.5.7/spring-security-bom-5.5.7.pom
Progress (1): 969 BProgress (1): 5.7 kB                    Downloaded from central: https://repo.maven.apache.org/maven2/org/springframework/security/spring-security-bom/5.5.7/spring-security-bom-5.5.7.pom (5.7 kB at 204 kB/s)
Downloading from central: https://repo.maven.apache.org/maven2/org/junit/junit-bom/5.8.2/junit-bom-5.8.2.pom
Progress (1): 907 BProgress (1): 4.1 kBProgress (1): 5.6 kB                    Downloaded from central: https://repo.maven.apache.org/maven2/org/junit/junit-bom/5.8.2/junit-bom-5.8.2.pom (5.6 kB at 209 kB/s)
Downloading from central: https://repo.maven.apache.org/maven2/io/gravitee/notifier/gravitee-notifier-api/1.4.3/gravitee-notifier-api-1.4.3.pom
Progress (1): 802 BProgress (1): 3.3 kBProgress (1): 4.0 kB                    Downloaded from central: https://repo.maven.apache.org/maven2/io/gravitee/notifier/gravitee-notifier-api/1.4.3/gravitee-notifier-api-1.4.3.pom (4.0 kB at 114 kB/s)
Downloading from central: https://repo.maven.apache.org/maven2/io/gravitee/gravitee-bom/4.0.0/gravitee-bom-4.0.0.pom
Progress (1): 765 BProgress (1): 2.4 kBProgress (1): 6.4 kBProgress (1): 11 kB                    Downloaded from central: https://repo.maven.apache.org/maven2/io/gravitee/gravitee-bom/4.0.0/gravitee-bom-4.0.0.pom (11 kB at 308 kB/s)
Downloading from central: https://repo.maven.apache.org/maven2/io/netty/netty-bom/4.1.87.Final/netty-bom-4.1.87.Final.pom
Progress (1): 787 BProgress (1): 2.4 kBProgress (1): 12 kB Progress (1): 13 kB                   Downloaded from central: https://repo.maven.apache.org/maven2/io/netty/netty-bom/4.1.87.Final/netty-bom-4.1.87.Final.pom (13 kB at 442 kB/s)
Downloading from central: https://repo.maven.apache.org/maven2/com/fasterxml/jackson/jackson-bom/2.14.2/jackson-bom-2.14.2.pom
Progress (1): 931 BProgress (1): 2.7 kBProgress (1): 8.1 kBProgress (1): 17 kB Progress (1): 17 kB                   Downloaded from central: https://repo.maven.apache.org/maven2/com/fasterxml/jackson/jackson-bom/2.14.2/jackson-bom-2.14.2.pom (17 kB at 603 kB/s)
Downloading from central: https://repo.maven.apache.org/maven2/com/fasterxml/jackson/jackson-parent/2.14/jackson-parent-2.14.pom
Progress (1): 1.1 kBProgress (1): 2.6 kBProgress (1): 4.0 kBProgress (1): 6.5 kBProgress (1): 7.7 kB                    Downloaded from central: https://repo.maven.apache.org/maven2/com/fasterxml/jackson/jackson-parent/2.14/jackson-parent-2.14.pom (7.7 kB at 239 kB/s)
Downloading from central: https://repo.maven.apache.org/maven2/com/fasterxml/oss-parent/48/oss-parent-48.pom
Progress (1): 954 BProgress (1): 2.6 kBProgress (1): 4.0 kBProgress (1): 6.0 kBProgress (1): 9.7 kBProgress (1): 12 kB Progress (1): 15 kBProgress (1): 18 kBProgress (1): 21 kBProgress (1): 24 kB                   Downloaded from central: https://repo.maven.apache.org/maven2/com/fasterxml/oss-parent/48/oss-parent-48.pom (24 kB at 699 kB/s)
Downloading from central: https://repo.maven.apache.org/maven2/io/vertx/vertx-dependencies/4.3.8/vertx-dependencies-4.3.8.pom
Progress (1): 934 BProgress (1): 7.3 kBProgress (1): 21 kB Progress (1): 32 kB                   Downloaded from central: https://repo.maven.apache.org/maven2/io/vertx/vertx-dependencies/4.3.8/vertx-dependencies-4.3.8.pom (32 kB at 1.1 MB/s)
Downloading from central: https://repo.maven.apache.org/maven2/com/fasterxml/jackson/jackson-bom/2.14.0/jackson-bom-2.14.0.pom
Progress (1): 931 BProgress (1): 2.7 kBProgress (1): 8.1 kBProgress (1): 17 kB Progress (1): 17 kB                   Downloaded from central: https://repo.maven.apache.org/maven2/com/fasterxml/jackson/jackson-bom/2.14.0/jackson-bom-2.14.0.pom (17 kB at 648 kB/s)
Downloading from central: https://repo.maven.apache.org/maven2/org/springframework/spring-framework-bom/5.3.25/spring-framework-bom-5.3.25.pom
Progress (1): 975 BProgress (1): 5.7 kB                    Downloaded from central: https://repo.maven.apache.org/maven2/org/springframework/spring-framework-bom/5.3.25/spring-framework-bom-5.3.25.pom (5.7 kB at 218 kB/s)
Downloading from central: https://repo.maven.apache.org/maven2/org/springframework/security/spring-security-bom/5.5.8/spring-security-bom-5.5.8.pom
Progress (1): 970 BProgress (1): 5.7 kB                    Downloaded from central: https://repo.maven.apache.org/maven2/org/springframework/security/spring-security-bom/5.5.8/spring-security-bom-5.5.8.pom (5.7 kB at 219 kB/s)
Downloading from central: https://repo.maven.apache.org/maven2/org/junit/junit-bom/5.9.2/junit-bom-5.9.2.pom
Progress (1): 907 BProgress (1): 4.1 kBProgress (1): 5.6 kB                    Downloaded from central: https://repo.maven.apache.org/maven2/org/junit/junit-bom/5.9.2/junit-bom-5.9.2.pom (5.6 kB at 209 kB/s)
Downloading from central: https://repo.maven.apache.org/maven2/org/mockito/mockito-bom/5.1.1/mockito-bom-5.1.1.pom
Progress (1): 1.4 kBProgress (1): 3.1 kB                    Downloaded from central: https://repo.maven.apache.org/maven2/org/mockito/mockito-bom/5.1.1/mockito-bom-5.1.1.pom (3.1 kB at 131 kB/s)
Downloading from sonatype-nexus-snapshots: https://central.sonatype.com/repository/maven-snapshots/io/gravitee/apim/gateway/gravitee-apim-gateway-http/4.11.0-SNAPSHOT/maven-metadata.xml
Downloading from central-portal-snapshots: https://central.sonatype.com/repository/maven-snapshots/io/gravitee/apim/gateway/gravitee-apim-gateway-http/4.11.0-SNAPSHOT/maven-metadata.xml
[WARNING] Could not transfer metadata io.gravitee.apim.gateway:gravitee-apim-gateway-http:4.11.0-SNAPSHOT/maven-metadata.xml from/to sonatype-nexus-snapshots (https://central.sonatype.com/repository/maven-snapshots/): central.sonatype.com
[WARNING] Could not transfer metadata io.gravitee.apim.gateway:gravitee-apim-gateway-http:4.11.0-SNAPSHOT/maven-metadata.xml from/to central-portal-snapshots (https://central.sonatype.com/repository/maven-snapshots/): central.sonatype.com
[WARNING] io.gravitee.apim.gateway:gravitee-apim-gateway-http:4.11.0-SNAPSHOT/maven-metadata.xml failed to transfer from https://central.sonatype.com/repository/maven-snapshots/ during a previous attempt. This failure was cached in the local repository and resolution will not be reattempted until the update interval of sonatype-nexus-snapshots has elapsed or updates are forced. Original error: Could not transfer metadata io.gravitee.apim.gateway:gravitee-apim-gateway-http:4.11.0-SNAPSHOT/maven-metadata.xml from/to sonatype-nexus-snapshots (https://central.sonatype.com/repository/maven-snapshots/): central.sonatype.com
[WARNING] io.gravitee.apim.gateway:gravitee-apim-gateway-http:4.11.0-SNAPSHOT/maven-metadata.xml failed to transfer from https://central.sonatype.com/repository/maven-snapshots/ during a previous attempt. This failure was cached in the local repository and resolution will not be reattempted until the update interval of central-portal-snapshots has elapsed or updates are forced. Original error: Could not transfer metadata io.gravitee.apim.gateway:gravitee-apim-gateway-http:4.11.0-SNAPSHOT/maven-metadata.xml from/to central-portal-snapshots (https://central.sonatype.com/repository/maven-snapshots/): central.sonatype.com
Downloading from sonatype-nexus-snapshots: https://central.sonatype.com/repository/maven-snapshots/io/gravitee/apim/gateway/gravitee-apim-gateway-http/4.11.0-SNAPSHOT/gravitee-apim-gateway-http-4.11.0-SNAPSHOT.pom
Downloading from central-portal-snapshots: https://central.sonatype.com/repository/maven-snapshots/io/gravitee/apim/gateway/gravitee-apim-gateway-http/4.11.0-SNAPSHOT/gravitee-apim-gateway-http-4.11.0-SNAPSHOT.pom
Downloading from sonatype-nexus-snapshots: https://central.sonatype.com/repository/maven-snapshots/io/gravitee/apim/gateway/gravitee-apim-gateway-tcp/4.11.0-SNAPSHOT/maven-metadata.xml
Downloading from central-portal-snapshots: https://central.sonatype.com/repository/maven-snapshots/io/gravitee/apim/gateway/gravitee-apim-gateway-tcp/4.11.0-SNAPSHOT/maven-metadata.xml
[WARNING] Could not transfer metadata io.gravitee.apim.gateway:gravitee-apim-gateway-tcp:4.11.0-SNAPSHOT/maven-metadata.xml from/to sonatype-nexus-snapshots (https://central.sonatype.com/repository/maven-snapshots/): central.sonatype.com
[WARNING] Could not transfer metadata io.gravitee.apim.gateway:gravitee-apim-gateway-tcp:4.11.0-SNAPSHOT/maven-metadata.xml from/to central-portal-snapshots (https://central.sonatype.com/repository/maven-snapshots/): central.sonatype.com
[WARNING] io.gravitee.apim.gateway:gravitee-apim-gateway-tcp:4.11.0-SNAPSHOT/maven-metadata.xml failed to transfer from https://central.sonatype.com/repository/maven-snapshots/ during a previous attempt. This failure was cached in the local repository and resolution will not be reattempted until the update interval of sonatype-nexus-snapshots has elapsed or updates are forced. Original error: Could not transfer metadata io.gravitee.apim.gateway:gravitee-apim-gateway-tcp:4.11.0-SNAPSHOT/maven-metadata.xml from/to sonatype-nexus-snapshots (https://central.sonatype.com/repository/maven-snapshots/): central.sonatype.com
[WARNING] io.gravitee.apim.gateway:gravitee-apim-gateway-tcp:4.11.0-SNAPSHOT/maven-metadata.xml failed to transfer from https://central.sonatype.com/repository/maven-snapshots/ during a previous attempt. This failure was cached in the local repository and resolution will not be reattempted until the update interval of central-portal-snapshots has elapsed or updates are forced. Original error: Could not transfer metadata io.gravitee.apim.gateway:gravitee-apim-gateway-tcp:4.11.0-SNAPSHOT/maven-metadata.xml from/to central-portal-snapshots (https://central.sonatype.com/repository/maven-snapshots/): central.sonatype.com
Downloading from sonatype-nexus-snapshots: https://central.sonatype.com/repository/maven-snapshots/io/gravitee/apim/gateway/gravitee-apim-gateway-tcp/4.11.0-SNAPSHOT/gravitee-apim-gateway-tcp-4.11.0-SNAPSHOT.pom
Downloading from central-portal-snapshots: https://central.sonatype.com/repository/maven-snapshots/io/gravitee/apim/gateway/gravitee-apim-gateway-tcp/4.11.0-SNAPSHOT/gravitee-apim-gateway-tcp-4.11.0-SNAPSHOT.pom
Downloading from central: https://repo.maven.apache.org/maven2/com/fasterxml/jackson/dataformat/jackson-dataformat-xml/2.18.3/jackson-dataformat-xml-2.18.3.pom
Progress (1): 983 BProgress (1): 2.6 kBProgress (1): 4.3 kBProgress (1): 6.4 kBProgress (1): 8.5 kBProgress (1): 9.5 kB                    Downloaded from central: https://repo.maven.apache.org/maven2/com/fasterxml/jackson/dataformat/jackson-dataformat-xml/2.18.3/jackson-dataformat-xml-2.18.3.pom (9.5 kB at 352 kB/s)
Downloading from central: https://repo.maven.apache.org/maven2/org/codehaus/woodstox/stax2-api/4.2.2/stax2-api-4.2.2.pom
Progress (1): 967 BProgress (1): 2.7 kBProgress (1): 4.5 kBProgress (1): 6.3 kB                    Downloaded from central: https://repo.maven.apache.org/maven2/org/codehaus/woodstox/stax2-api/4.2.2/stax2-api-4.2.2.pom (6.3 kB at 225 kB/s)
Downloading from central: https://repo.maven.apache.org/maven2/com/fasterxml/oss-parent/55/oss-parent-55.pom
Progress (1): 951 BProgress (1): 2.6 kBProgress (1): 4.1 kBProgress (1): 6.6 kBProgress (1): 9.7 kBProgress (1): 12 kB Progress (1): 15 kBProgress (1): 18 kBProgress (1): 21 kBProgress (1): 24 kB                   Downloaded from central: https://repo.maven.apache.org/maven2/com/fasterxml/oss-parent/55/oss-parent-55.pom (24 kB at 873 kB/s)
Downloading from central: https://repo.maven.apache.org/maven2/com/fasterxml/woodstox/woodstox-core/7.0.0/woodstox-core-7.0.0.pom
Progress (1): 1.0 kBProgress (1): 3.1 kBProgress (1): 6.5 kBProgress (1): 9.2 kBProgress (1): 9.5 kB                    Downloaded from central: https://repo.maven.apache.org/maven2/com/fasterxml/woodstox/woodstox-core/7.0.0/woodstox-core-7.0.0.pom (9.5 kB at 353 kB/s)
Downloading from central: https://repo.maven.apache.org/maven2/com/fasterxml/oss-parent/59/oss-parent-59.pom
Progress (1): 951 BProgress (1): 2.6 kBProgress (1): 4.0 kBProgress (1): 7.1 kBProgress (1): 9.7 kBProgress (1): 12 kB Progress (1): 15 kBProgress (1): 18 kBProgress (1): 21 kBProgress (1): 24 kB                   Downloaded from central: https://repo.maven.apache.org/maven2/com/fasterxml/oss-parent/59/oss-parent-59.pom (24 kB at 905 kB/s)
[INFO] ------------------------------------------------------------------------
[INFO] BUILD FAILURE
[INFO] ------------------------------------------------------------------------
[INFO] Total time:  3.822 s
[INFO] Finished at: 2026-01-29T13:13:09Z
[INFO] ------------------------------------------------------------------------
[ERROR] Failed to execute goal on project gravitee-apim-gateway-reactor: Could not collect dependencies for project io.gravitee.apim.gateway:gravitee-apim-gateway-reactor:jar:4.11.0-SNAPSHOT
[ERROR] Failed to read artifact descriptor for io.gravitee.apim.gateway:gravitee-apim-gateway-core:jar:4.11.0-SNAPSHOT
[ERROR] 	Caused by: The following artifacts could not be resolved: io.gravitee.apim.gateway:gravitee-apim-gateway-core:pom:4.11.0-SNAPSHOT (absent): Could not transfer artifact io.gravitee.apim.gateway:gravitee-apim-gateway-core:pom:4.11.0-SNAPSHOT from/to sonatype-nexus-snapshots (https://central.sonatype.com/repository/maven-snapshots/): central.sonatype.com
[ERROR] Failed to read artifact descriptor for io.gravitee.apim.gateway:gravitee-apim-gateway-reporting:jar:4.11.0-SNAPSHOT
[ERROR] 	Caused by: The following artifacts could not be resolved: io.gravitee.apim.gateway:gravitee-apim-gateway-reporting:pom:4.11.0-SNAPSHOT (absent): Could not transfer artifact io.gravitee.apim.gateway:gravitee-apim-gateway-reporting:pom:4.11.0-SNAPSHOT from/to sonatype-nexus-snapshots (https://central.sonatype.com/repository/maven-snapshots/): central.sonatype.com
[ERROR] Failed to read artifact descriptor for io.gravitee.apim.gateway:gravitee-apim-gateway-opentelemetry:jar:4.11.0-SNAPSHOT
[ERROR] 	Caused by: The following artifacts could not be resolved: io.gravitee.apim.gateway:gravitee-apim-gateway-opentelemetry:pom:4.11.0-SNAPSHOT (absent): Could not transfer artifact io.gravitee.apim.gateway:gravitee-apim-gateway-opentelemetry:pom:4.11.0-SNAPSHOT from/to sonatype-nexus-snapshots (https://central.sonatype.com/repository/maven-snapshots/): central.sonatype.com
[ERROR] Failed to read artifact descriptor for io.gravitee.apim.gateway:gravitee-apim-gateway-env:jar:4.11.0-SNAPSHOT
[ERROR] 	Caused by: The following artifacts could not be resolved: io.gravitee.apim.gateway:gravitee-apim-gateway-env:pom:4.11.0-SNAPSHOT (absent): Could not transfer artifact io.gravitee.apim.gateway:gravitee-apim-gateway-env:pom:4.11.0-SNAPSHOT from/to sonatype-nexus-snapshots (https://central.sonatype.com/repository/maven-snapshots/): central.sonatype.com
[ERROR] Failed to read artifact descriptor for io.gravitee.apim.definition:gravitee-apim-definition-model:jar:4.11.0-SNAPSHOT
[ERROR] 	Caused by: The following artifacts could not be resolved: io.gravitee.apim.definition:gravitee-apim-definition-model:pom:4.11.0-SNAPSHOT (absent): Could not transfer artifact io.gravitee.apim.definition:gravitee-apim-definition-model:pom:4.11.0-SNAPSHOT from/to sonatype-nexus-snapshots (https://central.sonatype.com/repository/maven-snapshots/): central.sonatype.com
[ERROR] Failed to read artifact descriptor for io.gravitee.apim.gateway:gravitee-apim-gateway-http:jar:4.11.0-SNAPSHOT
[ERROR] 	Caused by: The following artifacts could not be resolved: io.gravitee.apim.gateway:gravitee-apim-gateway-http:pom:4.11.0-SNAPSHOT (absent): Could not transfer artifact io.gravitee.apim.gateway:gravitee-apim-gateway-http:pom:4.11.0-SNAPSHOT from/to sonatype-nexus-snapshots (https://central.sonatype.com/repository/maven-snapshots/): central.sonatype.com
[ERROR] Failed to read artifact descriptor for io.gravitee.apim.gateway:gravitee-apim-gateway-tcp:jar:4.11.0-SNAPSHOT
[ERROR] 	Caused by: The following artifacts could not be resolved: io.gravitee.apim.gateway:gravitee-apim-gateway-tcp:pom:4.11.0-SNAPSHOT (absent): Could not transfer artifact io.gravitee.apim.gateway:gravitee-apim-gateway-tcp:pom:4.11.0-SNAPSHOT from/to sonatype-nexus-snapshots (https://central.sonatype.com/repository/maven-snapshots/): central.sonatype.com
[ERROR] 
[ERROR] -> [Help 1]
[ERROR] 
[ERROR] To see the full stack trace of the errors, re-run Maven with the -e switch.
[ERROR] Re-run Maven using the -X switch to enable full debug logging.
[ERROR] 
[ERROR] For more information about the errors and possible solutions, please read the following articles:
[ERROR] [Help 1] http://cwiki.apache.org/confluence/display/MAVEN/DependencyResolutionException
